// Jest Snapshot v1, https://goo.gl/fbAQLP

exports[`Card should match the snapshot 1`] = `
ShallowWrapper {
  "length": 1,
  Symbol(enzyme.__root__): [Circular],
  Symbol(enzyme.__unrendered__): <Card
    house={
        Object {
            "ancestralWeapons": "sword",
            "coatOfArms": "tvshow",
            "founded": 1,
            "name": "house",
            "seats": 2,
            "swornMembers": Array [
              "neb",
            ],
            "titles": 3,
            "words": "",
          }
    }
/>,
  Symbol(enzyme.__renderer__): Object {
    "batchedUpdates": [Function],
    "getNode": [Function],
    "render": [Function],
    "simulateEvent": [Function],
    "unmount": [Function],
  },
  Symbol(enzyme.__node__): Object {
    "instance": null,
    "key": undefined,
    "nodeType": "host",
    "props": Object {
      "children": Array [
        <span
          className="house-info"
>
          house
</span>,
        <span
          className="house-info"
>
          Founded: 
          1
</span>,
        <span
          className="house-info"
>
          Seats: 
          2
</span>,
        <span
          className="house-info"
>
          Titles: 
          3
</span>,
        <span
          className="house-info"
>
          Coat of Arms: "
          tvshow
          "
</span>,
        <span
          className="house-info"
>
          Ancestral Weapons: 
          sword
</span>,
        <span
          className="house-info"
>
          Words: 
          
</span>,
        false,
      ],
      "className": "Card",
      "onClick": [Function],
    },
    "ref": null,
    "rendered": Array [
      Object {
        "instance": null,
        "key": undefined,
        "nodeType": "host",
        "props": Object {
          "children": "house",
          "className": "house-info",
        },
        "ref": null,
        "rendered": "house",
        "type": "span",
      },
      Object {
        "instance": null,
        "key": undefined,
        "nodeType": "host",
        "props": Object {
          "children": Array [
            "Founded: ",
            1,
          ],
          "className": "house-info",
        },
        "ref": null,
        "rendered": Array [
          "Founded: ",
          1,
        ],
        "type": "span",
      },
      Object {
        "instance": null,
        "key": undefined,
        "nodeType": "host",
        "props": Object {
          "children": Array [
            "Seats: ",
            2,
          ],
          "className": "house-info",
        },
        "ref": null,
        "rendered": Array [
          "Seats: ",
          2,
        ],
        "type": "span",
      },
      Object {
        "instance": null,
        "key": undefined,
        "nodeType": "host",
        "props": Object {
          "children": Array [
            "Titles: ",
            3,
          ],
          "className": "house-info",
        },
        "ref": null,
        "rendered": Array [
          "Titles: ",
          3,
        ],
        "type": "span",
      },
      Object {
        "instance": null,
        "key": undefined,
        "nodeType": "host",
        "props": Object {
          "children": Array [
            "Coat of Arms: \\"",
            "tvshow",
            "\\"",
          ],
          "className": "house-info",
        },
        "ref": null,
        "rendered": Array [
          "Coat of Arms: \\"",
          "tvshow",
          "\\"",
        ],
        "type": "span",
      },
      Object {
        "instance": null,
        "key": undefined,
        "nodeType": "host",
        "props": Object {
          "children": Array [
            "Ancestral Weapons: ",
            "sword",
          ],
          "className": "house-info",
        },
        "ref": null,
        "rendered": Array [
          "Ancestral Weapons: ",
          "sword",
        ],
        "type": "span",
      },
      Object {
        "instance": null,
        "key": undefined,
        "nodeType": "host",
        "props": Object {
          "children": Array [
            "Words: ",
            "",
          ],
          "className": "house-info",
        },
        "ref": null,
        "rendered": Array [
          "Words: ",
          "",
        ],
        "type": "span",
      },
      false,
    ],
    "type": "section",
  },
  Symbol(enzyme.__nodes__): Array [
    Object {
      "instance": null,
      "key": undefined,
      "nodeType": "host",
      "props": Object {
        "children": Array [
          <span
            className="house-info"
>
            house
</span>,
          <span
            className="house-info"
>
            Founded: 
            1
</span>,
          <span
            className="house-info"
>
            Seats: 
            2
</span>,
          <span
            className="house-info"
>
            Titles: 
            3
</span>,
          <span
            className="house-info"
>
            Coat of Arms: "
            tvshow
            "
</span>,
          <span
            className="house-info"
>
            Ancestral Weapons: 
            sword
</span>,
          <span
            className="house-info"
>
            Words: 
            
</span>,
          false,
        ],
        "className": "Card",
        "onClick": [Function],
      },
      "ref": null,
      "rendered": Array [
        Object {
          "instance": null,
          "key": undefined,
          "nodeType": "host",
          "props": Object {
            "children": "house",
            "className": "house-info",
          },
          "ref": null,
          "rendered": "house",
          "type": "span",
        },
        Object {
          "instance": null,
          "key": undefined,
          "nodeType": "host",
          "props": Object {
            "children": Array [
              "Founded: ",
              1,
            ],
            "className": "house-info",
          },
          "ref": null,
          "rendered": Array [
            "Founded: ",
            1,
          ],
          "type": "span",
        },
        Object {
          "instance": null,
          "key": undefined,
          "nodeType": "host",
          "props": Object {
            "children": Array [
              "Seats: ",
              2,
            ],
            "className": "house-info",
          },
          "ref": null,
          "rendered": Array [
            "Seats: ",
            2,
          ],
          "type": "span",
        },
        Object {
          "instance": null,
          "key": undefined,
          "nodeType": "host",
          "props": Object {
            "children": Array [
              "Titles: ",
              3,
            ],
            "className": "house-info",
          },
          "ref": null,
          "rendered": Array [
            "Titles: ",
            3,
          ],
          "type": "span",
        },
        Object {
          "instance": null,
          "key": undefined,
          "nodeType": "host",
          "props": Object {
            "children": Array [
              "Coat of Arms: \\"",
              "tvshow",
              "\\"",
            ],
            "className": "house-info",
          },
          "ref": null,
          "rendered": Array [
            "Coat of Arms: \\"",
            "tvshow",
            "\\"",
          ],
          "type": "span",
        },
        Object {
          "instance": null,
          "key": undefined,
          "nodeType": "host",
          "props": Object {
            "children": Array [
              "Ancestral Weapons: ",
              "sword",
            ],
            "className": "house-info",
          },
          "ref": null,
          "rendered": Array [
            "Ancestral Weapons: ",
            "sword",
          ],
          "type": "span",
        },
        Object {
          "instance": null,
          "key": undefined,
          "nodeType": "host",
          "props": Object {
            "children": Array [
              "Words: ",
              "",
            ],
            "className": "house-info",
          },
          "ref": null,
          "rendered": Array [
            "Words: ",
            "",
          ],
          "type": "span",
        },
        false,
      ],
      "type": "section",
    },
  ],
  Symbol(enzyme.__options__): Object {
    "adapter": ReactSixteenAdapter {
      "options": Object {
        "enableComponentDidUpdateOnSetState": true,
      },
    },
  },
}
`;
